ERP Accounting Engine — Error Report (Hardened)
Generated: 2026-06-18 14:30:15
================================================================

IMPORT ERRORS (6)
----------------------------------------
  [ARGUMENTERROR] Bootstrap · DI · RepositoryRegistry
    ArgumentError: __table_args__ value must be a tuple, dict, or None
    File: C:\Users\PC-01\AppData\Roaming\Python\Python311\site-packages\sqlalchemy\orm\decl_base.py:869
    Kode:                                 raise exc.ArgumentError(
  [ARGUMENTERROR] Adapters · FastAPI · Factory
    ArgumentError: __table_args__ value must be a tuple, dict, or None
    File: C:\Users\PC-01\AppData\Roaming\Python\Python311\site-packages\sqlalchemy\orm\decl_base.py:869
    Kode:                                 raise exc.ArgumentError(
  [ARGUMENTERROR] Adapters · Secondary Impl · Sqlalchemy Forex Repository Impl
    ArgumentError: __table_args__ value must be a tuple, dict, or None
    File: C:\Users\PC-01\AppData\Roaming\Python\Python311\site-packages\sqlalchemy\orm\decl_base.py:869
    Kode:                                 raise exc.ArgumentError(
  [ARGUMENTERROR] Infrastructure · Event Store · Event Store Metrics
    ArgumentError: __table_args__ value must be a tuple, dict, or None
    File: C:\Users\PC-01\AppData\Roaming\Python\Python311\site-packages\sqlalchemy\orm\decl_base.py:869
    Kode:                                 raise exc.ArgumentError(
  [ARGUMENTERROR] Migrations · Env
    ArgumentError: __table_args__ value must be a tuple, dict, or None
    File: C:\Users\PC-01\AppData\Roaming\Python\Python311\site-packages\sqlalchemy\orm\decl_base.py:869
    Kode:                                 raise exc.ArgumentError(
  [ARGUMENTERROR] Tests · Performance · Test Concurrent Period Close 50 Users
    ArgumentError: __table_args__ value must be a tuple, dict, or None
    File: C:\Users\PC-01\AppData\Roaming\Python\Python311\site-packages\sqlalchemy\orm\decl_base.py:869
    Kode:                                 raise exc.ArgumentError(

INFRA ERRORS
----------------------------------------
  Kafka: Koneksi Kafka gagal: NoBrokersAvailable: NoBrokersAvailable

ORM MAPPER ERRORS
----------------------------------------
  Error inisialisasi mapper: ArgumentError: __table_args__ value must be a tuple, dict, or None
