Traceback (most recent call last):
  File "E:\full_erp_accounting_engine\main.py", line 578, in <module>
    main()
  File "E:\full_erp_accounting_engine\main.py", line 510, in main
    _, summary.import_errors = run_import_scan(verbose=args.verbose, show_traceback=args.traceback)
    ^^^^^^^^^^^^^^^^^^^^^^^^
TypeError: cannot unpack non-iterable NoneType object
Traceback (most recent call last):
  File "E:\full_erp_accounting_engine\main.py", line 578, in <module>
    main()
  File "E:\full_erp_accounting_engine\main.py", line 510, in main
    _, summary.import_errors = run_import_scan(verbose=args.verbose, show_traceback=args.traceback)
    ^^^^^^^^^^^^^^^^^^^^^^^^
TypeError: cannot unpack non-iterable NoneType object
Traceback (most recent call last):
  File "E:\full_erp_accounting_engine\main.py", line 697, in <module>
    main()
  File "E:\full_erp_accounting_engine\main.py", line 656, in main
    summary.dep_missing = run_dependency_check()
                          ^^^^^^^^^^^^^^^^^^^^^^
  File "E:\full_erp_accounting_engine\main.py", line 390, in run_dependency_check
    mod = importlib.import_module(import_name)
          ^^^^^^^^^^^^^^^^^^^^^^^^^^^^^^^^^^^^
  File "C:\Program Files\Python311\Lib\importlib\__init__.py", line 126, in import_module
    return _bootstrap._gcd_import(name[level:], package, level)
           ^^^^^^^^^^^^^^^^^^^^^^^^^^^^^^^^^^^^^^^^^^^^^^^^^^^^
  File "<frozen importlib._bootstrap>", line 1204, in _gcd_import
  File "<frozen importlib._bootstrap>", line 1176, in _find_and_load
  File "<frozen importlib._bootstrap>", line 1147, in _find_and_load_unlocked
  File "<frozen importlib._bootstrap>", line 690, in _load_unlocked
  File "<frozen importlib._bootstrap_external>", line 940, in exec_module
  File "<frozen importlib._bootstrap>", line 241, in _call_with_frames_removed
  File "C:\Users\PC-01\AppData\Roaming\Python\Python311\site-packages\alembic\__init__.py", line 1, in <module>
    from . import context
  File "C:\Users\PC-01\AppData\Roaming\Python\Python311\site-packages\alembic\context.py", line 1, in <module>
    from .runtime.environment import EnvironmentContext
  File "C:\Users\PC-01\AppData\Roaming\Python\Python311\site-packages\alembic\runtime\environment.py", line 23, in <module>
    from .migration import _ProxyTransaction
  File "C:\Users\PC-01\AppData\Roaming\Python\Python311\site-packages\alembic\runtime\migration.py", line 31, in <module>
    from .. import ddl
  File "C:\Users\PC-01\AppData\Roaming\Python\Python311\site-packages\alembic\ddl\__init__.py", line 4, in <module>
    from . import postgresql
  File "C:\Users\PC-01\AppData\Roaming\Python\Python311\site-packages\alembic\ddl\postgresql.py", line 47, in <module>
    from ..autogenerate import render
  File "C:\Users\PC-01\AppData\Roaming\Python\Python311\site-packages\alembic\autogenerate\__init__.py", line 1, in <module>
    from .api import _render_migration_diffs as _render_migration_diffs
  File "C:\Users\PC-01\AppData\Roaming\Python\Python311\site-packages\alembic\autogenerate\api.py", line 17, in <module>
    from . import compare
  File "C:\Users\PC-01\AppData\Roaming\Python\Python311\site-packages\alembic\autogenerate\compare\__init__.py", line 53, in <module>
    Plugin.setup_plugin_from_module(schema, "alembic.autogenerate.schemas")
  File "C:\Users\PC-01\AppData\Roaming\Python\Python311\site-packages\alembic\runtime\plugins.py", line 153, in setup_plugin_from_module
    module.setup(Plugin(name))
                 ^^^^^^^^^^^^
  File "C:\Users\PC-01\AppData\Roaming\Python\Python311\site-packages\alembic\runtime\plugins.py", line 37, in __init__
    log.info("setup plugin %s", name)
  File "E:\full_erp_accounting_engine\infrastructure\telemetry\structured_json_logging.py", line 68, in info
    self._log(logging.INFO, msg, args, **kwargs)
  File "E:\full_erp_accounting_engine\infrastructure\telemetry\structured_json_logging.py", line 52, in _log
    record = self._make_log_record(msg % args if args else msg, level, extra)
             ^^^^^^^^^^^^^^^^^^^^^^^^^^^^^^^^^^^^^^^^^^^^^^^^^^^^^^^^^^^^^^^^
  File "E:\full_erp_accounting_engine\infrastructure\telemetry\structured_json_logging.py", line 36, in _make_log_record
    "timestamp": datetime.now(timezone.UTC).isoformat(),
                              ^^^^^^^^^^^^
AttributeError: type object 'datetime.timezone' has no attribute 'UTC'
Traceback (most recent call last):
  File "E:\full_erp_accounting_engine\main.py", line 697, in <module>
    main()
  File "E:\full_erp_accounting_engine\main.py", line 656, in main
    summary.dep_missing = run_dependency_check()
                          ^^^^^^^^^^^^^^^^^^^^^^
  File "E:\full_erp_accounting_engine\main.py", line 390, in run_dependency_check
    mod = importlib.import_module(import_name)
          ^^^^^^^^^^^^^^^^^^^^^^^^^^^^^^^^^^^^
  File "C:\Program Files\Python311\Lib\importlib\__init__.py", line 126, in import_module
    return _bootstrap._gcd_import(name[level:], package, level)
           ^^^^^^^^^^^^^^^^^^^^^^^^^^^^^^^^^^^^^^^^^^^^^^^^^^^^
  File "<frozen importlib._bootstrap>", line 1204, in _gcd_import
  File "<frozen importlib._bootstrap>", line 1176, in _find_and_load
  File "<frozen importlib._bootstrap>", line 1147, in _find_and_load_unlocked
  File "<frozen importlib._bootstrap>", line 690, in _load_unlocked
  File "<frozen importlib._bootstrap_external>", line 940, in exec_module
  File "<frozen importlib._bootstrap>", line 241, in _call_with_frames_removed
  File "C:\Users\PC-01\AppData\Roaming\Python\Python311\site-packages\alembic\__init__.py", line 1, in <module>
    from . import context
  File "C:\Users\PC-01\AppData\Roaming\Python\Python311\site-packages\alembic\context.py", line 1, in <module>
    from .runtime.environment import EnvironmentContext
  File "C:\Users\PC-01\AppData\Roaming\Python\Python311\site-packages\alembic\runtime\environment.py", line 23, in <module>
    from .migration import _ProxyTransaction
  File "C:\Users\PC-01\AppData\Roaming\Python\Python311\site-packages\alembic\runtime\migration.py", line 31, in <module>
    from .. import ddl
  File "C:\Users\PC-01\AppData\Roaming\Python\Python311\site-packages\alembic\ddl\__init__.py", line 4, in <module>
    from . import postgresql
  File "C:\Users\PC-01\AppData\Roaming\Python\Python311\site-packages\alembic\ddl\postgresql.py", line 47, in <module>
    from ..autogenerate import render
  File "C:\Users\PC-01\AppData\Roaming\Python\Python311\site-packages\alembic\autogenerate\__init__.py", line 1, in <module>
    from .api import _render_migration_diffs as _render_migration_diffs
  File "C:\Users\PC-01\AppData\Roaming\Python\Python311\site-packages\alembic\autogenerate\api.py", line 17, in <module>
    from . import compare
  File "C:\Users\PC-01\AppData\Roaming\Python\Python311\site-packages\alembic\autogenerate\compare\__init__.py", line 53, in <module>
    Plugin.setup_plugin_from_module(schema, "alembic.autogenerate.schemas")
  File "C:\Users\PC-01\AppData\Roaming\Python\Python311\site-packages\alembic\runtime\plugins.py", line 153, in setup_plugin_from_module
    module.setup(Plugin(name))
                 ^^^^^^^^^^^^
  File "C:\Users\PC-01\AppData\Roaming\Python\Python311\site-packages\alembic\runtime\plugins.py", line 37, in __init__
    log.info("setup plugin %s", name)
  File "E:\full_erp_accounting_engine\infrastructure\telemetry\structured_json_logging.py", line 79, in info
    self._log(logging.INFO, msg, args, **kwargs)
  File "E:\full_erp_accounting_engine\infrastructure\telemetry\structured_json_logging.py", line 54, in _log
    record = self._make_log_record(msg, level, extra)
             ^^^^^^^^^^^^^^^^^^^^^^^^^^^^^^^^^^^^^^^^
  File "E:\full_erp_accounting_engine\infrastructure\telemetry\structured_json_logging.py", line 35, in _make_log_record
    "timestamp": datetime.now(timezone.UTC).isoformat(),
                              ^^^^^^^^^^^^
AttributeError: type object 'datetime.timezone' has no attribute 'UTC'
Traceback (most recent call last):
  File "E:\full_erp_accounting_engine\main.py", line 697, in <module>
    main()
  File "E:\full_erp_accounting_engine\main.py", line 648, in main
    print(BANNER)
  File "C:\Program Files\Python311\Lib\encodings\cp1252.py", line 19, in encode
    return codecs.charmap_encode(input,self.errors,encoding_table)[0]
           ^^^^^^^^^^^^^^^^^^^^^^^^^^^^^^^^^^^^^^^^^^^^^^^^^^^^^^^
UnicodeEncodeError: 'charmap' codec can't encode characters in position 2-65: character maps to <undefined>
Traceback (most recent call last):
  File "E:\full_erp_accounting_engine\main.py", line 697, in <module>
    main()
  File "E:\full_erp_accounting_engine\main.py", line 648, in main
    print(BANNER)
  File "C:\Program Files\Python311\Lib\encodings\cp1252.py", line 19, in encode
    return codecs.charmap_encode(input,self.errors,encoding_table)[0]
           ^^^^^^^^^^^^^^^^^^^^^^^^^^^^^^^^^^^^^^^^^^^^^^^^^^^^^^^
UnicodeEncodeError: 'charmap' codec can't encode characters in position 2-65: character maps to <undefined>
